▲ Next.js 16.2.6 (Turbopack)

  Creating an optimized production build ...
✓ Compiled successfully in 3.2s
  Running TypeScript ...
  Finished TypeScript in 2.6s ...
  Collecting page data using 11 workers ...
  Generating static pages using 11 workers (0/5) ...
  Generating static pages using 11 workers (1/5) 
  Generating static pages using 11 workers (2/5) 
  Generating static pages using 11 workers (3/5) 
✓ Generating static pages using 11 workers (5/5) in 160ms
  Finalizing page optimization ...

Route (app)
┌ ƒ /
├ ○ /_not-found
├ ƒ /access
├ ƒ /api/auth/[...nextauth]
├ ƒ /audit
├ ƒ /auth/verify
├ ○ /login
├ ƒ /organizations
├ ƒ /organizations/[organizationId]
├ ƒ /sessions
├ ƒ /users
└ ƒ /users/[userId]


○  (Static)   prerendered as static content
ƒ  (Dynamic)  server-rendered on demand

